  복원할 프로젝트를 확인하는 중...
  C:\Users\parti\Labo\DorotiLab\Doroti\src\Doroti.Ui\Doroti.Ui.csproj을(를) 1.11초 동안 복원했습니다.
  C:\Users\parti\Labo\DorotiLab\Doroti\src\Doroti.Framework.Scheduler\Doroti.Framework.Scheduler.csproj을(를) 1.11초 동안 복원했습니다.
  C:\Users\parti\Labo\DorotiLab\Doroti\src\Doroti.Framework.Animation\Doroti.Framework.Animation.csproj을(를) 1.11초 동안 복원했습니다.
  C:\Users\parti\Labo\DorotiLab\Doroti\src\Doroti.Framework.Services\Doroti.Framework.Services.csproj을(를) 1.11초 동안 복원했습니다.
  C:\Users\parti\Labo\DorotiLab\Doroti\src\Doroti.Framework.Physics\Doroti.Framework.Physics.csproj을(를) 1.11초 동안 복원했습니다.
  C:\Users\parti\Labo\DorotiLab\Doroti\src\Doroti.Framework.Gestures\Doroti.Framework.Gestures.csproj을(를) 1.11초 동안 복원했습니다.
  C:\Users\parti\Labo\DorotiLab\Doroti\src\Doroti.Target.Web.browser-wasm\Doroti.Target.Web.browser-wasm.csproj을(를) 1.14초 동안 복원했습니다.
  C:\Users\parti\Labo\DorotiLab\Doroti\src\Doroti.Host.Web\Doroti.Host.Web.csproj을(를) 1.14초 동안 복원했습니다.
  C:\Users\parti\Labo\DorotiLab\Doroti\src\Doroti.Hosting\Doroti.Hosting.csproj을(를) 1.11초 동안 복원했습니다.
  C:\Users\parti\Labo\DorotiLab\Doroti\src\Doroti.Framework.Semantics\Doroti.Framework.Semantics.csproj을(를) 1.11초 동안 복원했습니다.
  C:\Users\parti\Labo\DorotiLab\Doroti\src\Doroti.Framework.Painting\Doroti.Framework.Painting.csproj을(를) 1.11초 동안 복원했습니다.
  C:\Users\parti\Labo\DorotiLab\Doroti\src\Doroti.Framework.Widgets\Doroti.Framework.Widgets.csproj을(를) 1.11초 동안 복원했습니다.
  C:\Users\parti\Labo\DorotiLab\Doroti\src\Doroti.Framework.Cupertino\Doroti.Framework.Cupertino.csproj을(를) 1.11초 동안 복원했습니다.
  C:\Users\parti\Labo\DorotiLab\Doroti\src\Doroti.Framework.Rendering\Doroti.Framework.Rendering.csproj을(를) 1.11초 동안 복원했습니다.
  C:\Users\parti\Labo\DorotiLab\DorotiTestbedApp\DorotiTestbedApp.csproj을(를) 1.11초 동안 복원했습니다.
  C:\Users\parti\Labo\DorotiLab\DorotiTestbedApp\web\DorotiTestbedApp.Web.csproj을(를) 1.16초 동안 복원했습니다.
  C:\Users\parti\Labo\DorotiLab\Doroti\src\Doroti.Graphics.DisplayList\Doroti.Graphics.DisplayList.csproj을(를) 3밀리초 동안 복원했습니다.
  C:\Users\parti\Labo\DorotiLab\Doroti\src\Doroti.Runtime\Doroti.Runtime.csproj을(를) 5밀리초 동안 복원했습니다.
  C:\Users\parti\Labo\DorotiLab\Doroti\src\Doroti.Framework.Foundation\Doroti.Framework.Foundation.csproj을(를) 5밀리초 동안 복원했습니다.
  C:\Users\parti\Labo\DorotiLab\Doroti\src\Doroti.Skia.Rendering\Doroti.Skia.Rendering.csproj을(를) 5밀리초 동안 복원했습니다.
  C:\Users\parti\Labo\DorotiLab\Doroti\src\Doroti.Skia.RuntimeEffects\Doroti.Skia.RuntimeEffects.csproj을(를) 5밀리초 동안 복원했습니다.
  C:\Users\parti\Labo\DorotiLab\Doroti\src\Doroti.Framework.Material\Doroti.Framework.Material.csproj을(를) 10밀리초 동안 복원했습니다.
  CanvasKit npm restore is required.
  Restoring exact canvaskit-wasm@0.42.0 assets with npm ci --ignore-scripts.
  
  added 2 packages in 1s
  Prepared verified CanvasKit 0.42.0 default assets at 'C:\Users\parti\Labo\DorotiLab\.doroti\threads-fix\artifacts\obj\Doroti.Host.Web\release\Doroti.CanvasKit\wwwroot\canvaskit\0.42.0'.
  Doroti.Graphics.DisplayList -> C:\Users\parti\Labo\DorotiLab\.doroti\threads-fix\artifacts\bin\Doroti.Graphics.DisplayList\release\Doroti.Graphics.DisplayList.dll
  Doroti.Runtime -> C:\Users\parti\Labo\DorotiLab\.doroti\threads-fix\artifacts\bin\Doroti.Runtime\release\Doroti.Runtime.dll
  Doroti.Ui -> C:\Users\parti\Labo\DorotiLab\.doroti\threads-fix\artifacts\bin\Doroti.Ui\release\Doroti.Ui.dll
  Doroti.Skia.RuntimeEffects -> C:\Users\parti\Labo\DorotiLab\.doroti\threads-fix\artifacts\bin\Doroti.Skia.RuntimeEffects\release\Doroti.Skia.RuntimeEffects.dll
  Doroti.Hosting -> C:\Users\parti\Labo\DorotiLab\.doroti\threads-fix\artifacts\bin\Doroti.Hosting\release\Doroti.Hosting.dll
  Doroti.Framework.Foundation -> C:\Users\parti\Labo\DorotiLab\.doroti\threads-fix\artifacts\bin\Doroti.Framework.Foundation\release\Doroti.Framework.Foundation.dll
  Doroti.Framework.Scheduler -> C:\Users\parti\Labo\DorotiLab\.doroti\threads-fix\artifacts\bin\Doroti.Framework.Scheduler\release\Doroti.Framework.Scheduler.dll
  Doroti.Skia.Rendering -> C:\Users\parti\Labo\DorotiLab\.doroti\threads-fix\artifacts\bin\Doroti.Skia.Rendering\release\Doroti.Skia.Rendering.dll
Web/doroti.web.ts(2880,45): error TS2339: Property 'data' does not exist on type 'Event'. [C:\Users\parti\Labo\DorotiLab\Doroti\src\Doroti.Host.Web\Doroti.Host.Web.csproj]
Web/doroti.web.ts(3196,66): error TS2339: Property 'error' does not exist on type 'Event'. [C:\Users\parti\Labo\DorotiLab\Doroti\src\Doroti.Host.Web\Doroti.Host.Web.csproj]
Web/doroti.web.ts(3196,91): error TS2339: Property 'message' does not exist on type 'Event'. [C:\Users\parti\Labo\DorotiLab\Doroti\src\Doroti.Host.Web\Doroti.Host.Web.csproj]
C:\Users\parti\Labo\DorotiLab\Doroti\src\Doroti.App.Sdk\Sdk\Doroti.TypeScript.targets(37,5): error DOROTIWEB016: Doroti Web TypeScript compilation failed. See compiler diagnostics above. [C:\Users\parti\Labo\DorotiLab\Doroti\src\Doroti.Host.Web\Doroti.Host.Web.csproj]
  Doroti.Framework.Services -> C:\Users\parti\Labo\DorotiLab\.doroti\threads-fix\artifacts\bin\Doroti.Framework.Services\release\Doroti.Framework.Services.dll
  Doroti.Framework.Physics -> C:\Users\parti\Labo\DorotiLab\.doroti\threads-fix\artifacts\bin\Doroti.Framework.Physics\release\Doroti.Framework.Physics.dll
  Doroti.Framework.Gestures -> C:\Users\parti\Labo\DorotiLab\.doroti\threads-fix\artifacts\bin\Doroti.Framework.Gestures\release\Doroti.Framework.Gestures.dll
  Doroti.Framework.Animation -> C:\Users\parti\Labo\DorotiLab\.doroti\threads-fix\artifacts\bin\Doroti.Framework.Animation\release\Doroti.Framework.Animation.dll
  Doroti.Framework.Painting -> C:\Users\parti\Labo\DorotiLab\.doroti\threads-fix\artifacts\bin\Doroti.Framework.Painting\release\Doroti.Framework.Painting.dll
  Doroti.Framework.Semantics -> C:\Users\parti\Labo\DorotiLab\.doroti\threads-fix\artifacts\bin\Doroti.Framework.Semantics\release\Doroti.Framework.Semantics.dll
  Doroti.Framework.Rendering -> C:\Users\parti\Labo\DorotiLab\.doroti\threads-fix\artifacts\bin\Doroti.Framework.Rendering\release\Doroti.Framework.Rendering.dll
  Doroti.Framework.Widgets -> C:\Users\parti\Labo\DorotiLab\.doroti\threads-fix\artifacts\bin\Doroti.Framework.Widgets\release\Doroti.Framework.Widgets.dll
  Doroti.Framework.Cupertino -> C:\Users\parti\Labo\DorotiLab\.doroti\threads-fix\artifacts\bin\Doroti.Framework.Cupertino\release\Doroti.Framework.Cupertino.dll
  Doroti.Framework.Material -> C:\Users\parti\Labo\DorotiLab\.doroti\threads-fix\artifacts\bin\Doroti.Framework.Material\release\Doroti.Framework.Material.dll

빌드하지 못했습니다.

Web/doroti.web.ts(2880,45): error TS2339: Property 'data' does not exist on type 'Event'. [C:\Users\parti\Labo\DorotiLab\Doroti\src\Doroti.Host.Web\Doroti.Host.Web.csproj]
Web/doroti.web.ts(3196,66): error TS2339: Property 'error' does not exist on type 'Event'. [C:\Users\parti\Labo\DorotiLab\Doroti\src\Doroti.Host.Web\Doroti.Host.Web.csproj]
Web/doroti.web.ts(3196,91): error TS2339: Property 'message' does not exist on type 'Event'. [C:\Users\parti\Labo\DorotiLab\Doroti\src\Doroti.Host.Web\Doroti.Host.Web.csproj]
C:\Users\parti\Labo\DorotiLab\Doroti\src\Doroti.App.Sdk\Sdk\Doroti.TypeScript.targets(37,5): error DOROTIWEB016: Doroti Web TypeScript compilation failed. See compiler diagnostics above. [C:\Users\parti\Labo\DorotiLab\Doroti\src\Doroti.Host.Web\Doroti.Host.Web.csproj]
    경고 0개
    오류 4개

경과 시간: 00:01:22.42
