bootstrap: navigating
bootstrap: document isolated true
bootstrap: exact first content
{
  "label": "main-owner",
  "errors": [],
  "consoleErrors": [],
  "steps": [
    {
      "width": 800,
      "exact": true
    },
    {
      "width": 1280,
      "exact": true
    }
  ],
  "limitation": "Threaded-runtime bootstrap and small UI smoke only; no parallel layout or managed compute overlap proof.",
  "headers": {
    "cache-control": "no-store",
    "content-length": "8714",
    "content-type": "text/html",
    "cross-origin-embedder-policy": "require-corp",
    "cross-origin-opener-policy": "same-origin",
    "cross-origin-resource-policy": "same-origin",
    "date": "Tue, 08 Sep 2026 05:31:44 GMT",
    "last-modified": "Tue, 08 Sep 2026 05:31:42 GMT",
    "server": "SimpleHTTP/0.6 Python/3.13.13"
  },
  "browser": "151.0.7922.34",
  "url": "http://127.0.0.1:5194/?dorotiTestbedMode=sample&dorotiResizeDiagnostics=1&dorotiInputMarkers=1",
  "documentIsolated": true,
  "hostState": {
    "stage": "started",
    "presenter": {
      "context": 0,
      "requestedMode": "auto",
      "mode": "worker-direct-webgl",
      "fallbackReason": null,
      "contextGeneration": 1,
      "currentRequestId": null,
      "latestRequestId": null,
      "queueDepth": 0,
      "contextLost": false,
      "frontGeneration": 1,
      "frontRequestId": 2,
      "frontFramebufferId": null,
      "stagingFramebufferId": null,
      "rasterCanvasAttached": false,
      "visibleContext": "transferred-offscreen-webgl2",
      "rasterWidth": 1280,
      "rasterHeight": 900,
      "displayWidth": 1920,
      "displayHeight": 1350,
      "bitmapCreated": 0,
      "bitmapConsumed": 0,
      "bitmapClosed": 0,
      "activeBitmaps": 0,
      "mainManagedRuntimeCount": 0,
      "workerManagedRuntimeCount": 1,
      "workerRestartCount": 0,
      "runtimeSessionId": 1,
      "unpairedRequestCount": 0
    },
    "snapshot": {
      "canvasId": "doroti-surface",
      "logicalWidth": 1280,
      "logicalHeight": 900,
      "devicePixelRatio": 1,
      "visible": true,
      "focused": true,
      "languageTag": "ko",
      "brightness": "light",
      "operatingSystem": "windows",
      "generation": 1,
      "surfaceGeneration": 0,
      "inputSequence": 1,
      "gpu": {
        "api": "webgl2",
        "vendor": "Google Inc. (AMD)",
        "renderer": "ANGLE (AMD, AMD Radeon 780M Graphics (0x00001900) Direct3D11 vs_5_0 ps_5_0, D3D11)",
        "hardware": true,
        "softwareFallbackUsed": false
      },
      "resizeEpoch": {
        "generation": 1,
        "logicalWidth": 1280,
        "logicalHeight": 900,
        "physicalWidth": 1280,
        "physicalHeight": 900,
        "devicePixelRatio": 1,
        "timestampMicroseconds": 1186965
      }
    },
    "trace": [
      {
        "sequence": 9,
        "timestampMicroseconds": 1784400,
        "phase": "ack",
        "epoch": {
          "generation": 1,
          "logicalWidth": 1280,
          "logicalHeight": 900,
          "physicalWidth": 1280,
          "physicalHeight": 900,
          "devicePixelRatio": 1,
          "timestampMicroseconds": 1186965
        },
        "threadId": 0,
        "source": "worker-presenter",
        "durationMicroseconds": 0,
        "rafId": 1,
        "backingWidth": 1920,
        "backingHeight": 1350,
        "surfaceWidth": 0,
        "surfaceHeight": 0,
        "terminal": "superseded",
        "detail": "managed raster result=empty",
        "queueDepth": 0,
        "inputSequence": 0,
        "requestId": 1
      },
      {
        "sequence": 10,
        "timestampMicroseconds": 1803085,
        "phase": "worker-snapshot-applied",
        "epoch": {
          "generation": 1,
          "logicalWidth": 1280,
          "logicalHeight": 900,
          "physicalWidth": 1280,
          "physicalHeight": 900,
          "devicePixelRatio": 1,
          "timestampMicroseconds": 1186965
        },
        "threadId": 0,
        "source": "worker-mailbox",
        "durationMicroseconds": 0,
        "rafId": 0,
        "backingWidth": 1920,
        "backingHeight": 1350,
        "surfaceWidth": 0,
        "surfaceHeight": 0,
        "terminal": null,
        "detail": "{\"generation\":1}",
        "queueDepth": 0,
        "inputSequence": 0,
        "requestId": 0
      },
      {
        "sequence": 11,
        "timestampMicroseconds": 2711490,
        "phase": "managed-snapshot-dispatched",
        "epoch": {
          "generation": 1,
          "logicalWidth": 1280,
          "logicalHeight": 900,
          "physicalWidth": 1280,
          "physicalHeight": 900,
          "devicePixelRatio": 1,
          "timestampMicroseconds": 1186965
        },
        "threadId": 0,
        "source": "browser-state",
        "durationMicroseconds": 0,
        "rafId": 0,
        "backingWidth": 1920,
        "backingHeight": 1350,
        "surfaceWidth": 0,
        "surfaceHeight": 0,
        "terminal": null,
        "detail": null,
        "queueDepth": 0,
        "inputSequence": 0,
        "requestId": 0
      },
      {
        "sequence": 12,
        "timestampMicroseconds": 2711560,
        "phase": "worker-snapshot-queued",
        "epoch": {
          "generation": 1,
          "logicalWidth": 1280,
          "logicalHeight": 900,
          "physicalWidth": 1280,
          "physicalHeight": 900,
          "devicePixelRatio": 1,
          "timestampMicroseconds": 1186965
        },
        "threadId": 0,
        "source": "worker-mailbox",
        "durationMicroseconds": 0,
        "rafId": 0,
        "backingWidth": 1920,
        "backingHeight": 1350,
        "surfaceWidth": 0,
        "surfaceHeight": 0,
        "terminal": null,
        "detail": null,
        "queueDepth": 0,
        "inputSequence": 0,
        "requestId": 0
      },
      {
        "sequence": 13,
        "timestampMicroseconds": 2711570,
        "phase": "worker-snapshot-sent",
        "epoch": {
          "generation": 1,
          "logicalWidth": 1280,
          "logicalHeight": 900,
          "physicalWidth": 1280,
          "physicalHeight": 900,
          "devicePixelRatio": 1,
          "timestampMicroseconds": 1186965
        },
        "threadId": 0,
        "source": "worker-mailbox",
        "durationMicroseconds": 0,
        "rafId": 0,
        "backingWidth": 1920,
        "backingHeight": 1350,
        "surfaceWidth": 0,
        "surfaceHeight": 0,
        "terminal": null,
        "detail": "{\"generation\":1}",
        "queueDepth": 0,
        "inputSequence": 0,
        "requestId": 0
      },
      {
        "sequence": 14,
        "timestampMicroseconds": 1803180,
        "phase": "framework-frame",
        "epoch": {
          "generation": 1,
          "logicalWidth": 1280,
          "logicalHeight": 900,
          "physicalWidth": 1280,
          "physicalHeight": 900,
          "devicePixelRatio": 1,
          "timestampMicroseconds": 1186965
        },
        "threadId": 0,
        "source": "worker-managed-skia",
        "durationMicroseconds": 920350,
        "rafId": 0,
        "backingWidth": 1920,
        "backingHeight": 1350,
        "surfaceWidth": null,
        "surfaceHeight": null,
        "terminal": null,
        "detail": "{\"callbackId\":2,\"generation\":1}",
        "queueDepth": 0,
        "inputSequence": 0,
        "requestId": 0
      },
      {
        "sequence": 15,
        "timestampMicroseconds": 2729580,
        "phase": "worker-snapshot-applied",
        "epoch": {
          "generation": 1,
          "logicalWidth": 1280,
          "logicalHeight": 900,
          "physicalWidth": 1280,
          "physicalHeight": 900,
          "devicePixelRatio": 1,
          "timestampMicroseconds": 1186965
        },
        "threadId": 0,
        "source": "worker-mailbox",
        "durationMicroseconds": 0,
        "rafId": 0,
        "backingWidth": 1920,
        "backingHeight": 1350,
        "surfaceWidth": 0,
        "surfaceHeight": 0,
        "terminal": null,
        "detail": "{\"generation\":1}",
        "queueDepth": 0,
        "inputSequence": 0,
        "requestId": 0
      },
      {
        "sequence": 16,
        "timestampMicroseconds": 3872940,
        "phase": "present-requested",
        "epoch": {
          "generation": 1,
          "logicalWidth": 1280,
          "logicalHeight": 900,
          "physicalWidth": 1280,
          "physicalHeight": 900,
          "devicePixelRatio": 1,
          "timestampMicroseconds": 1186965
        },
        "threadId": 0,
        "source": "worker-presenter",
        "durationMicroseconds": 0,
        "rafId": 2,
        "backingWidth": 1920,
        "backingHeight": 1350,
        "surfaceWidth": 1280,
        "surfaceHeight": 900,
        "terminal": null,
        "detail": null,
        "queueDepth": 1,
        "inputSequence": 0,
        "requestId": 2
      },
      {
        "sequence": 17,
        "timestampMicroseconds": 3873265,
        "phase": "managed-raster-start",
        "epoch": {
          "generation": 1,
          "logicalWidth": 1280,
          "logicalHeight": 900,
          "physicalWidth": 1280,
          "physicalHeight": 900,
          "devicePixelRatio": 1,
          "timestampMicroseconds": 1186965
        },
        "threadId": 0,
        "source": "worker-managed-skia",
        "durationMicroseconds": 0,
        "rafId": 0,
        "backingWidth": 1920,
        "backingHeight": 1350,
        "surfaceWidth": 1280,
        "surfaceHeight": 900,
        "terminal": null,
        "detail": "{}",
        "queueDepth": 1,
        "inputSequence": 0,
        "requestId": 0
      },
      {
        "sequence": 18,
        "timestampMicroseconds": 4245760,
        "phase": "managed-raster-end",
        "epoch": {
          "generation": 1,
          "logicalWidth": 1280,
          "logicalHeight": 900,
          "physicalWidth": 1280,
          "physicalHeight": 900,
          "devicePixelRatio": 1,
          "timestampMicroseconds": 1186965
        },
        "threadId": 0,
        "source": "worker-managed-skia",
        "durationMicroseconds": 372360.1,
        "rafId": 0,
        "backingWidth": 1920,
        "backingHeight": 1350,
        "surfaceWidth": 1280,
        "surfaceHeight": 900,
        "terminal": null,
        "detail": "{}",
        "queueDepth": 1,
        "inputSequence": 0,
        "requestId": 0
      },
      {
        "sequence": 19,
        "timestampMicroseconds": 4247435,
        "phase": "submitted",
        "epoch": {
          "generation": 1,
          "logicalWidth": 1280,
          "logicalHeight": 900,
          "physicalWidth": 1280,
          "physicalHeight": 900,
          "devicePixelRatio": 1,
          "timestampMicroseconds": 1186965
        },
        "threadId": 0,
        "source": "worker-presenter",
        "durationMicroseconds": 0,
        "rafId": 2,
        "backingWidth": 1920,
        "backingHeight": 1350,
        "surfaceWidth": 0,
        "surfaceHeight": 0,
        "terminal": "submitted",
        "detail": "exact direct visible framebuffer submitted in the worker",
        "queueDepth": 0,
        "inputSequence": 0,
        "requestId": 2
      },
      {
        "sequence": 20,
        "timestampMicroseconds": 4245880,
        "phase": "front-commit",
        "epoch": {
          "generation": 1,
          "logicalWidth": 1280,
          "logicalHeight": 900,
          "physicalWidth": 1280,
          "physicalHeight": 900,
          "devicePixelRatio": 1,
          "timestampMicroseconds": 1186965
        },
        "threadId": 0,
        "source": "worker-direct-surface",
        "durationMicroseconds": 0,
        "rafId": 2,
        "backingWidth": 1920,
        "backingHeight": 1350,
        "surfaceWidth": 1280,
        "surfaceHeight": 900,
        "terminal": null,
        "detail": "{\"generation\":1,\"targetGeneration\":1,\"contextGeneration\":1,\"direct\":true,\"sceneDisposition\":\"exact-rendered\",\"capacityWidth\":1920,\"capacityHeight\":1350,\"progressive\":false,\"admitted\":true,\"managedSurfaceMicroseconds\":372890,\"directFinalizeMicroseconds\":165}",
        "queueDepth": 0,
        "inputSequence": 1,
        "requestId": 2
      }
    ]
  },
  "mainRuntime": {
    "location": "main",
    "info": {
      "productVersion": "10.0.11",
      "gitHash": "e2f47b0110ed922f21a1522da67279133ce28f32",
      "buildConfiguration": "Release",
      "wasmEnableThreads": true,
      "wasmEnableSIMD": true,
      "wasmEnableExceptionHandling": true
    },
    "sharedHeap": true
  },
  "workers": [
    {
      "url": "http://127.0.0.1:5194/_framework/dotnet.native.worker.3pea7uf3ce.mjs"
    },
    {
      "url": "http://127.0.0.1:5194/_framework/dotnet.native.worker.3pea7uf3ce.mjs"
    },
    {
      "url": "http://127.0.0.1:5194/_framework/dotnet.native.worker.3pea7uf3ce.mjs"
    },
    {
      "url": "http://127.0.0.1:5194/_framework/dotnet.native.worker.3pea7uf3ce.mjs"
    },
    {
      "url": "http://127.0.0.1:5194/_framework/dotnet.native.worker.3pea7uf3ce.mjs"
    },
    {
      "url": "http://127.0.0.1:5194/_framework/dotnet.native.worker.3pea7uf3ce.mjs"
    },
    {
      "url": "http://127.0.0.1:5194/_framework/dotnet.native.worker.3pea7uf3ce.mjs"
    },
    {
      "url": "http://127.0.0.1:5194/_framework/dotnet.native.worker.3pea7uf3ce.mjs"
    },
    {
      "url": "http://127.0.0.1:5194/_framework/dotnet.native.worker.3pea7uf3ce.mjs"
    },
    {
      "url": "http://127.0.0.1:5194/_framework/dotnet.native.worker.3pea7uf3ce.mjs"
    }
  ],
  "initialColors": 1380,
  "wheelChangedPixels": true,
  "status": "PASS"
}
